---
source: crates/conflux-backend/src/singbox/config.rs
expression: redacted
---
{
  "dns": {
    "servers": [
      {
        "server": "<REDACTED_SERVER>",
        "tag": "dns-direct",
        "type": "udp"
      }
    ]
  },
  "inbounds": [
    {
      "listen": "127.0.0.1",
      "listen_port": 7890,
      "tag": "mixed-in",
      "type": "mixed"
    }
  ],
  "log": {
    "level": "info"
  },
  "outbounds": [
    {
      "obfs": {
        "password": "<REDACTED_PASSWORD>",
        "type": "salamander"
      },
      "password": "<REDACTED_PASSWORD>",
      "server": "<REDACTED_SERVER>",
      "server_port": 443,
      "server_ports": [
        "443-8443"
      ],
      "tag": "proxy",
      "tls": {
        "enabled": true,
        "server_name": "<REDACTED_HOST>"
      },
      "type": "hysteria2"
    },
    {
      "tag": "direct",
      "type": "direct"
    },
    {
      "tag": "dns-out",
      "type": "dns"
    }
  ],
  "route": {
    "final": "proxy",
    "rules": [
      {
        "outbound": "dns-out",
        "protocol": "dns"
      },
      {
        "inbound": "mixed-in",
        "outbound": "proxy"
      }
    ]
  }
}
